app/page.tsx(530,23): error TS17002: Expected corresponding JSX closing tag for 'motion.button'.
